// Jest Snapshot v1, https://goo.gl/fbAQLP

exports[`Contact component renders renders 1`] = `
<DocumentFragment>
  <section
    class="grid-container"
  >
    <h1
      data-testid="contactme"
    >
      Contact me
    </h1>
    <form
      id="contact-form"
    >
      <div>
        <label
          for="name"
        >
          Name:
        </label>
        <input
          name="name"
          type="text"
          value=""
        />
      </div>
      <div>
        <label
          for="email"
        >
          Email address:
        </label>
        <input
          name="email"
          type="email"
          value=""
        />
      </div>
      <div>
        <label
          for="message"
        >
          Message:
        </label>
        <textarea
          name="message"
          rows="5"
        />
      </div>
      <button
        class="button"
        data-testid="button"
        type="submit"
      >
        Submit
      </button>
    </form>
  </section>
</DocumentFragment>
`;
